Testing Database Locking...
  Lock acquired.
  Waited 1.50s for lock.
  Locking test passed.
Testing Update...
  Update test passed.
Testing Monitor...
[XBMC Log] [WatchedSync] Detected update for path/to/avatar.mkv: Watched=True, Resume=500
  Monitor test passed.
Testing Service Sync...
[XBMC Log] [WatchedSync] Importing path/to/remote_movie.mkv to Watched=True, Resume=0.0
  Service Sync test passed.
Testing Sync Manager...
[XBMC Log] [WatchedSync] Exporting 1 items to database
  Export test passed.
[XBMC Log] [WatchedSync] Importing path/exported.mkv to Watched=True, Resume=0.0
  Import test passed.
Testing Script Execution...
[Dialog] Select: Watched Sync Operation - Options: ['Import from DB', 'Export to DB']
[XBMC Log] [WatchedSync] Manual Import started
[Dialog] Notification: Watched Sync - Importing...
[Dialog] Notification: Watched Sync - Import Complete
[Dialog] Select: Watched Sync Operation - Options: ['Import from DB', 'Export to DB']
[XBMC Log] [WatchedSync] Manual Export started
[Dialog] Notification: Watched Sync - Exporting...
[XBMC Log] [WatchedSync] Exporting 1 items to database
[Dialog] Notification: Watched Sync - Export Complete
  Script execution test passed.
Testing Dynamic Settings...
  Dynamic settings test passed.
Testing Music Video Sync...
[XBMC Log] [WatchedSync] Exporting 1 items to database
  Music Video Export test passed.
Testing Bulk Update...
  Bulk Update test passed.
python : Traceback (most recent call last):
At line:1 char:1
+ python tests/manual_test.py > tests/test_output.txt 2>&1
+ ~~~~~~~~~~~~~~~~~~~~~~~~~~~~~~~~~~~~~~~~~~~~~~~~~~~~~~~~
    + CategoryInfo          : NotSpecified: (Traceback (most recent 
    call last)::String) [], RemoteException
    + FullyQualifiedErrorId : NativeCommandError
 
  File "E:\Dev\Kodi\watched_sync\tests\manual_test.py", line 356, 
in <module>
    test_bulk_update()
    ^^^^^^^^^^^^^^^^
NameError: name 'test_bulk_update' is not defined. Did you mean: 
'test_manual_update'?
